{
  "version": "2.0.0",
  "plugins_used": [
    {
      "name": "Base64HighEntropyString",
      "base64_limit": 4.5,
      "hex_limit": 3.0
    },
    {
      "name": "BasicAuthDetector"
    },
    {
      "name": "HexHighEntropyString",
      "hex_limit": 3.0
    },
    {
      "name": "KeywordDetector",
      "keyword_exclude": []
    },
    {
      "name": "PrivateKeyDetector"
    },
    {
      "name": "RegexBasedDetector",
      "name": "Cloudflare API Token",
      "pattern": "\\b[A-Za-z0-9_-]{35,}\\b"
    }
  ],
  "filters_used": [
    {
      "path": "detect_secrets.filters.allowlist.is_line_allowlisted",
      "filename": "detect_secrets.filters.allowlist.is_line_allowlisted",
      "is_verified": false
    }
  ],
  "results": {},
  "generated_at": "2024-01-01T00:00:00Z"
}
